Configured for debug.
   >> address: 127.0.0.1
   >> port: 8000
   >> workers: 8
   >> max blocking threads: 512
   >> ident: Rocket
   >> IP header: X-Real-IP
   >> limits: bytes = 8KiB, data-form = 2MiB, file = 1MiB, form = 32KiB, json = 1MiB, msgpack = 1MiB, string = 8KiB
   >> temp dir: /var/folders/nq/kxc08pd10rn0y1cgt1hjvl140000gn/T/
   >> http/2: true
   >> keep-alive: 5s
   >> tls: disabled
   >> shutdown: ctrlc = true, force = true, signals = [SIGTERM], grace = 2s, mercy = 3s
   >> log level: normal
   >> cli colors: true
Routes:
   >> (index) GET /
   >> (stream_token) GET /<token>
Fairings:
   >> Shield (liftoff, response, singleton)
Shield:
   >> X-Frame-Options: SAMEORIGIN
   >> Permissions-Policy: interest-cohort=()
   >> X-Content-Type-Options: nosniff
Rocket has launched from http://127.0.0.1:8000
GET /tokenabc:
   >> Matched: (stream_token) GET /<token>
Resgistering token: tokenabc
Adding listener on token: tokenabc
   >> Outcome: Success(200 OK)
Message stream write status, ()
Message stream write status, ()
Message stream write status, ()
Message stream write status, ()
Message stream write status, ()
Message stream write status, ()
Message stream write status, ()
Message stream write status, ()
Message stream write status, ()
Message stream write status, ()
Message stream write status, ()
Message stream write status, ()
Message stream write status, ()
Message stream write status, ()
Message stream write status, ()
Message stream write status, ()
Message stream write status, ()
Message stream write status, ()
Message stream write status, ()
Message stream write status, ()
Message stream write status, ()
Message stream write status, ()
Message stream write status, ()
Message stream write status, ()
Message stream write status, ()
Message stream write status, ()
Message stream write status, ()
Message stream write status, ()
Message stream write status, ()
Message stream write status, ()
   >> Remote left: channel closed.
token message send failed, SendError { .. }
